// Jest Snapshot v1, https://goo.gl/fbAQLP

exports[`Cart checkout() should return an object with total and list of items 1`] = `
Object {
  "items": Array [],
  "total": 195315,
}
`;

exports[`Cart checkout() should return an object with total and list of items when summary is called 1`] = `
Object {
  "items": Array [
    Object {
      "product": Object {
        "name": "Adidas Sneaker",
        "price": 30075,
      },
      "quantity": 2,
    },
    Object {
      "product": Object {
        "name": "Nike Sneaker",
        "price": 45055,
      },
      "quantity": 3,
    },
  ],
  "total": 195315,
}
`;
